Exception in Tkinter callback
Traceback (most recent call last):
  File "/usr/lib/python3.12/tkinter/__init__.py", line 1967, in __call__
    return self.func(*args)
           ^^^^^^^^^^^^^^^^
  File "/home/asvaettir-labs/asvaettir-device-opt/helgrind/.venv/lib/python3.12/site-packages/customtkinter/windows/widgets/ctk_button.py", line 554, in _clicked
    self._command()
  File "/home/asvaettir-labs/asvaettir-device-opt/helgrind/helgrind/app.py", line 222, in _dev_armory
    win.grab_set()
  File "/usr/lib/python3.12/tkinter/__init__.py", line 963, in grab_set
    self.tk.call('grab', 'set', self._w)
_tkinter.TclError: grab failed: window not viewable
Exception in Tkinter callback
Traceback (most recent call last):
  File "/usr/lib/python3.12/tkinter/__init__.py", line 1967, in __call__
    return self.func(*args)
           ^^^^^^^^^^^^^^^^
  File "/home/asvaettir-labs/asvaettir-device-opt/helgrind/.venv/lib/python3.12/site-packages/customtkinter/windows/widgets/ctk_button.py", line 554, in _clicked
    self._command()
  File "/home/asvaettir-labs/asvaettir-device-opt/helgrind/helgrind/app.py", line 222, in _dev_armory
    win.grab_set()
  File "/usr/lib/python3.12/tkinter/__init__.py", line 963, in grab_set
    self.tk.call('grab', 'set', self._w)
_tkinter.TclError: grab failed: window not viewable
Exception in Tkinter callback
Traceback (most recent call last):
  File "/usr/lib/python3.12/tkinter/__init__.py", line 1967, in __call__
    return self.func(*args)
           ^^^^^^^^^^^^^^^^
  File "/usr/lib/python3.12/tkinter/__init__.py", line 861, in callit
    func(*args)
  File "/home/asvaettir-labs/asvaettir-device-opt/helgrind/helgrind/app.py", line 298, in <lambda>
    self.after(0, lambda: messagebox.showerror(T.APP_NAME, msg[:700]))
                          ^^^^^^^^^^^^^^^^^^^^^^^^^^^^^^^^^^^^^^^^^^^
  File "/usr/lib/python3.12/tkinter/messagebox.py", line 98, in showerror
    return _show(title, message, ERROR, OK, **options)
           ^^^^^^^^^^^^^^^^^^^^^^^^^^^^^^^^^^^^^^^^^^^
  File "/usr/lib/python3.12/tkinter/messagebox.py", line 76, in _show
    res = Message(**options).show()
          ^^^^^^^^^^^^^^^^^^^^^^^^^
  File "/usr/lib/python3.12/tkinter/commondialog.py", line 45, in show
    s = master.tk.call(self.command, *master._options(self.options))
        ^^^^^^^^^^^^^^^^^^^^^^^^^^^^^^^^^^^^^^^^^^^^^^^^^^^^^^^^^^^^
_tkinter.TclError: can't invoke "grab" command: application has been destroyed
